2025-11-28T21:50:32.202087Z  INFO burn_train::learner::train_val: Fitting the model:
 MalariaCNN {
  conv1: Conv2d {ch_in: 3, ch_out: 24, stride: [1, 1], kernel_size: [3, 3], dilation: [1, 1], groups: 1, padding: Same, params: 672}
  bn1: BatchNorm {num_features: 24, momentum: 0.1, epsilon: 0.00001, params: 96}
  conv2: Conv2d {ch_in: 24, ch_out: 48, stride: [1, 1], kernel_size: [3, 3], dilation: [1, 1], groups: 1, padding: Same, params: 10416}
  bn2: BatchNorm {num_features: 48, momentum: 0.1, epsilon: 0.00001, params: 192}
  conv3: Conv2d {ch_in: 48, ch_out: 96, stride: [1, 1], kernel_size: [3, 3], dilation: [1, 1], groups: 1, padding: Same, params: 41568}
  bn3: BatchNorm {num_features: 96, momentum: 0.1, epsilon: 0.00001, params: 384}
  pool1: MaxPool2d {kernel_size: [2, 2], stride: [2, 2], padding: Valid, dilation: [1, 1]}
  pool2: MaxPool2d {kernel_size: [2, 2], stride: [2, 2], padding: Valid, dilation: [1, 1]}
  pool3: MaxPool2d {kernel_size: [2, 2], stride: [2, 2], padding: Valid, dilation: [1, 1]}
  adaptive_pool: AdaptiveAvgPool2d {output_size: [4, 4]}
  dropout: Dropout {prob: 0.3}
  fc1: Linear {d_input: 1536, d_output: 192, bias: true, params: 295104}
  fc2: Linear {d_input: 192, d_output: 64, bias: true, params: 12352}
  fc3: Linear {d_input: 64, d_output: 2, bias: true, params: 130}
  relu: Relu
  params: 360914
}
2025-11-28T21:50:32.206236Z  INFO burn_train::learner::strategies::single::epoch: Executing training step for epoch 1
2025-11-28T21:50:32.254379Z  INFO burn_train::learner::strategies::single::epoch: Iteration 1
2025-11-28T21:50:49.873796Z  INFO burn_train::learner::strategies::single::epoch: Iteration 2
2025-11-28T21:51:09.376800Z  INFO burn_train::learner::strategies::single::epoch: Iteration 3
2025-11-28T21:51:29.627045Z  INFO burn_train::learner::strategies::single::epoch: Iteration 4
2025-11-28T21:51:49.220899Z  INFO burn_train::learner::strategies::single::epoch: Iteration 5
2025-11-28T21:52:11.108942Z  INFO burn_train::learner::strategies::single::epoch: Iteration 6
