2025-11-28T21:21:04.055024Z  INFO burn_train::learner::train_val: Fitting the model:
 MalariaCNN {
  conv1: Conv2d {ch_in: 3, ch_out: 32, stride: [1, 1], kernel_size: [3, 3], dilation: [1, 1], groups: 1, padding: Same, params: 896}
  bn1: BatchNorm {num_features: 32, momentum: 0.1, epsilon: 0.00001, params: 128}
  conv2: Conv2d {ch_in: 32, ch_out: 64, stride: [1, 1], kernel_size: [3, 3], dilation: [1, 1], groups: 1, padding: Same, params: 18496}
  bn2: BatchNorm {num_features: 64, momentum: 0.1, epsilon: 0.00001, params: 256}
  conv3: Conv2d {ch_in: 64, ch_out: 128, stride: [1, 1], kernel_size: [3, 3], dilation: [1, 1], groups: 1, padding: Same, params: 73856}
  bn3: BatchNorm {num_features: 128, momentum: 0.1, epsilon: 0.00001, params: 512}
  pool1: MaxPool2d {kernel_size: [2, 2], stride: [2, 2], padding: Valid, dilation: [1, 1]}
  pool2: MaxPool2d {kernel_size: [2, 2], stride: [2, 2], padding: Valid, dilation: [1, 1]}
  pool3: MaxPool2d {kernel_size: [2, 2], stride: [2, 2], padding: Valid, dilation: [1, 1]}
  adaptive_pool: AdaptiveAvgPool2d {output_size: [4, 4]}
  dropout: Dropout {prob: 0.3}
  fc1: Linear {d_input: 2048, d_output: 256, bias: true, params: 524544}
  fc2: Linear {d_input: 256, d_output: 64, bias: true, params: 16448}
  fc3: Linear {d_input: 64, d_output: 2, bias: true, params: 130}
  gelu: Gelu
  params: 635266
}
2025-11-28T21:21:04.062418Z  INFO burn_train::learner::strategies::single::epoch: Executing training step for epoch 1
2025-11-28T21:21:04.140911Z  INFO burn_train::learner::strategies::single::epoch: Iteration 1
2025-11-28T21:22:12.871105Z  INFO burn_train::learner::strategies::single::epoch: Iteration 2
2025-11-28T21:23:13.205031Z  INFO burn_train::learner::strategies::single::epoch: Iteration 3
2025-11-28T21:24:25.954771Z  INFO burn_train::learner::strategies::single::epoch: Iteration 4
2025-11-28T21:25:40.854173Z  INFO burn_train::learner::strategies::single::epoch: Iteration 5
2025-11-28T21:26:48.331357Z  INFO burn_train::learner::strategies::single::epoch: Iteration 6
